RAM Allocation [bytes]
Variable                                                                          Address   Size
------------------------------------------------------------------------------------------------
Current_Level                                                                     0x0200     200
Sequence_Input                                                                    0x02C8     200
_seed (stdlib.lib)                                                                0x0390       4

EEPROM Allocation [bytes]
Variable                                                                          Address   Size
------------------------------------------------------------------------------------------------

Register Allocation
Variable                                                                          Register  Size
------------------------------------------------------------------------------------------------
level                                                                             R3,R4        2
Sequence_Step_Delay                                                               R5,R6        2

FLASH Allocation [words]
Function                                                                          Address   Size
------------------------------------------------------------------------------------------------
All_LED_Off                                                                       0x0007C      5
All_LED_On                                                                        0x00081      5
generate_Current_Level                                                            0x00086     22
show_Current_Level                                                                0x0009C     42
right_Current_Level                                                               0x000C6     24
wrong_Current_Level                                                               0x000DE     24
get_Current_Level                                                                 0x000F6    102
Led_Flash                                                                         0x0015C     33
main                                                                              0x0017D    105
rand                                                                              0x001E6     28
